[2025-12-05 17:52:47Z INFO HostContext] No proxy settings were found based on environmental variables (http_proxy/https_proxy/HTTP_PROXY/HTTPS_PROXY)
[2025-12-05 17:52:47Z INFO HostContext] Well known directory 'Bin': '/home/alumno/Desktop/oauth2-springboot-angular-googlesignin-poc/actions-runner/bin'
[2025-12-05 17:52:47Z INFO HostContext] Well known directory 'Root': '/home/alumno/Desktop/oauth2-springboot-angular-googlesignin-poc/actions-runner'
[2025-12-05 17:52:47Z INFO HostContext] Well known config file 'Credentials': '/home/alumno/Desktop/oauth2-springboot-angular-googlesignin-poc/actions-runner/.credentials'
[2025-12-05 17:52:47Z INFO HostContext] Well known directory 'Bin': '/home/alumno/Desktop/oauth2-springboot-angular-googlesignin-poc/actions-runner/bin'
[2025-12-05 17:52:47Z INFO HostContext] Well known directory 'Root': '/home/alumno/Desktop/oauth2-springboot-angular-googlesignin-poc/actions-runner'
[2025-12-05 17:52:47Z INFO HostContext] Well known config file 'Runner': '/home/alumno/Desktop/oauth2-springboot-angular-googlesignin-poc/actions-runner/.runner'
[2025-12-05 17:52:47Z INFO Listener] Runner is built for Linux (X64) - linux-x64.
[2025-12-05 17:52:47Z INFO Listener] RuntimeInformation: Ubuntu 24.04.3 LTS.
[2025-12-05 17:52:47Z INFO Listener] Version: 2.329.0
[2025-12-05 17:52:47Z INFO Listener] Commit: c76c59996c8fa32e989164a5a695efb12608ae5a
[2025-12-05 17:52:47Z INFO Listener] Culture: es-ES
[2025-12-05 17:52:47Z INFO Listener] UI Culture: es-ES
[2025-12-05 17:52:47Z INFO HostContext] Well known directory 'Bin': '/home/alumno/Desktop/oauth2-springboot-angular-googlesignin-poc/actions-runner/bin'
[2025-12-05 17:52:47Z INFO HostContext] Well known directory 'Root': '/home/alumno/Desktop/oauth2-springboot-angular-googlesignin-poc/actions-runner'
[2025-12-05 17:52:47Z INFO Listener] Validating directory permissions for: '/home/alumno/Desktop/oauth2-springboot-angular-googlesignin-poc/actions-runner'
[2025-12-05 17:52:47Z INFO CommandLineParser] Parse
[2025-12-05 17:52:47Z INFO CommandLineParser] Parsing 5 args
[2025-12-05 17:52:47Z INFO CommandLineParser] parsing argument
[2025-12-05 17:52:47Z INFO CommandLineParser] HasArgs: False
[2025-12-05 17:52:47Z INFO CommandLineParser] Adding Command: configure
[2025-12-05 17:52:47Z INFO CommandLineParser] parsing argument
[2025-12-05 17:52:47Z INFO CommandLineParser] HasArgs: True
[2025-12-05 17:52:47Z INFO CommandLineParser] arg: url
[2025-12-05 17:52:47Z INFO CommandLineParser] parsing argument
[2025-12-05 17:52:47Z INFO CommandLineParser] HasArgs: True
[2025-12-05 17:52:47Z INFO CommandLineParser] Adding option 'url': 'https://github.com/DSE-8/oauth2-springboot-angular-googlesignin-poc'
[2025-12-05 17:52:47Z INFO CommandLineParser] parsing argument
[2025-12-05 17:52:47Z INFO CommandLineParser] HasArgs: True
[2025-12-05 17:52:47Z INFO CommandLineParser] arg: token
[2025-12-05 17:52:47Z INFO CommandLineParser] parsing argument
[2025-12-05 17:52:47Z INFO CommandLineParser] HasArgs: True
[2025-12-05 17:52:47Z INFO CommandLineParser] Adding option 'token': '***'
[2025-12-05 17:52:47Z INFO Listener] Arguments parsed
[2025-12-05 17:52:47Z INFO Runner] ExecuteCommand
[2025-12-05 17:52:47Z INFO ConfigurationStore] currentAssemblyLocation: /home/alumno/Desktop/oauth2-springboot-angular-googlesignin-poc/actions-runner/bin/Runner.Listener.dll
[2025-12-05 17:52:47Z INFO HostContext] Well known directory 'Bin': '/home/alumno/Desktop/oauth2-springboot-angular-googlesignin-poc/actions-runner/bin'
[2025-12-05 17:52:47Z INFO ConfigurationStore] binPath: /home/alumno/Desktop/oauth2-springboot-angular-googlesignin-poc/actions-runner/bin
[2025-12-05 17:52:47Z INFO HostContext] Well known directory 'Bin': '/home/alumno/Desktop/oauth2-springboot-angular-googlesignin-poc/actions-runner/bin'
[2025-12-05 17:52:47Z INFO HostContext] Well known directory 'Root': '/home/alumno/Desktop/oauth2-springboot-angular-googlesignin-poc/actions-runner'
[2025-12-05 17:52:47Z INFO ConfigurationStore] RootFolder: /home/alumno/Desktop/oauth2-springboot-angular-googlesignin-poc/actions-runner
[2025-12-05 17:52:47Z INFO HostContext] Well known directory 'Bin': '/home/alumno/Desktop/oauth2-springboot-angular-googlesignin-poc/actions-runner/bin'
[2025-12-05 17:52:47Z INFO HostContext] Well known directory 'Root': '/home/alumno/Desktop/oauth2-springboot-angular-googlesignin-poc/actions-runner'
[2025-12-05 17:52:47Z INFO HostContext] Well known config file 'Runner': '/home/alumno/Desktop/oauth2-springboot-angular-googlesignin-poc/actions-runner/.runner'
[2025-12-05 17:52:47Z INFO ConfigurationStore] ConfigFilePath: /home/alumno/Desktop/oauth2-springboot-angular-googlesignin-poc/actions-runner/.runner
[2025-12-05 17:52:47Z INFO HostContext] Well known directory 'Bin': '/home/alumno/Desktop/oauth2-springboot-angular-googlesignin-poc/actions-runner/bin'
[2025-12-05 17:52:47Z INFO HostContext] Well known directory 'Root': '/home/alumno/Desktop/oauth2-springboot-angular-googlesignin-poc/actions-runner'
[2025-12-05 17:52:47Z INFO HostContext] Well known config file 'MigratedRunner': '/home/alumno/Desktop/oauth2-springboot-angular-googlesignin-poc/actions-runner/.runner_migrated'
[2025-12-05 17:52:47Z INFO ConfigurationStore] MigratedConfigFilePath: /home/alumno/Desktop/oauth2-springboot-angular-googlesignin-poc/actions-runner/.runner_migrated
[2025-12-05 17:52:47Z INFO HostContext] Well known directory 'Bin': '/home/alumno/Desktop/oauth2-springboot-angular-googlesignin-poc/actions-runner/bin'
[2025-12-05 17:52:47Z INFO HostContext] Well known directory 'Root': '/home/alumno/Desktop/oauth2-springboot-angular-googlesignin-poc/actions-runner'
[2025-12-05 17:52:47Z INFO HostContext] Well known config file 'Credentials': '/home/alumno/Desktop/oauth2-springboot-angular-googlesignin-poc/actions-runner/.credentials'
[2025-12-05 17:52:47Z INFO ConfigurationStore] CredFilePath: /home/alumno/Desktop/oauth2-springboot-angular-googlesignin-poc/actions-runner/.credentials
[2025-12-05 17:52:47Z INFO HostContext] Well known directory 'Bin': '/home/alumno/Desktop/oauth2-springboot-angular-googlesignin-poc/actions-runner/bin'
[2025-12-05 17:52:47Z INFO HostContext] Well known directory 'Root': '/home/alumno/Desktop/oauth2-springboot-angular-googlesignin-poc/actions-runner'
[2025-12-05 17:52:47Z INFO HostContext] Well known config file 'MigratedCredentials': '/home/alumno/Desktop/oauth2-springboot-angular-googlesignin-poc/actions-runner/.credentials_migrated'
[2025-12-05 17:52:47Z INFO ConfigurationStore] MigratedCredFilePath: /home/alumno/Desktop/oauth2-springboot-angular-googlesignin-poc/actions-runner/.credentials_migrated
[2025-12-05 17:52:47Z INFO HostContext] Well known directory 'Bin': '/home/alumno/Desktop/oauth2-springboot-angular-googlesignin-poc/actions-runner/bin'
[2025-12-05 17:52:47Z INFO HostContext] Well known directory 'Root': '/home/alumno/Desktop/oauth2-springboot-angular-googlesignin-poc/actions-runner'
[2025-12-05 17:52:47Z INFO HostContext] Well known config file 'Service': '/home/alumno/Desktop/oauth2-springboot-angular-googlesignin-poc/actions-runner/.service'
[2025-12-05 17:52:47Z INFO ConfigurationStore] ServiceConfigFilePath: /home/alumno/Desktop/oauth2-springboot-angular-googlesignin-poc/actions-runner/.service
[2025-12-05 17:52:47Z INFO CommandSettings] Flag 'help': 'False'
[2025-12-05 17:52:47Z INFO CommandSettings] Flag 'version': 'False'
[2025-12-05 17:52:47Z INFO CommandSettings] Flag 'commit': 'False'
[2025-12-05 17:52:47Z INFO CommandSettings] Flag 'check': 'False'
[2025-12-05 17:52:47Z INFO CommandSettings] Command 'configure': 'True'
[2025-12-05 17:52:47Z INFO Terminal] WRITE LINE: 
[2025-12-05 17:52:47Z INFO Terminal] WRITE LINE: --------------------------------------------------------------------------------
[2025-12-05 17:52:47Z INFO Terminal] WRITE LINE: |        ____ _ _   _   _       _          _        _   _                      |
[2025-12-05 17:52:47Z INFO Terminal] WRITE LINE: |       / ___(_) |_| | | |_   _| |__      / \   ___| |_(_) ___  _ __  ___      |
[2025-12-05 17:52:47Z INFO Terminal] WRITE LINE: |      | |  _| | __| |_| | | | | '_ \    / _ \ / __| __| |/ _ \| '_ \/ __|     |
[2025-12-05 17:52:47Z INFO Terminal] WRITE LINE: |      | |_| | | |_|  _  | |_| | |_) |  / ___ \ (__| |_| | (_) | | | \__ \     |
[2025-12-05 17:52:47Z INFO Terminal] WRITE LINE: |       \____|_|\__|_| |_|\__,_|_.__/  /_/   \_\___|\__|_|\___/|_| |_|___/     |
[2025-12-05 17:52:47Z INFO Terminal] WRITE LINE: |                                                                              |
[2025-12-05 17:52:47Z INFO Terminal] WRITE: |                       
[2025-12-05 17:52:47Z INFO Terminal] WRITE: Self-hosted runner registration
[2025-12-05 17:52:47Z INFO Terminal] WRITE LINE:                         |
[2025-12-05 17:52:47Z INFO Terminal] WRITE LINE: |                                                                              |
[2025-12-05 17:52:47Z INFO Terminal] WRITE LINE: --------------------------------------------------------------------------------
[2025-12-05 17:52:47Z INFO ConfigurationManager] ConfigureAsync
[2025-12-05 17:52:47Z INFO CommandSettings] Flag 'generateServiceConfig': 'False'
[2025-12-05 17:52:47Z INFO ConfigurationStore] IsConfigured()
[2025-12-05 17:52:47Z INFO ConfigurationStore] IsConfigured: False
[2025-12-05 17:52:47Z INFO ConfigurationManager] Is configured: False
[2025-12-05 17:52:47Z INFO CommandSettings] Arg 'url': 'https://github.com/DSE-8/oauth2-springboot-angular-googlesignin-poc'
[2025-12-05 17:52:47Z INFO CommandSettings] Remove url from Arg dictionary.
[2025-12-05 17:52:47Z INFO CommandSettings] Arg 'token': '***'
[2025-12-05 17:52:47Z INFO CommandSettings] Remove token from Arg dictionary.
[2025-12-05 17:52:48Z INFO ConfigurationManager] Http response code: OK from 'POST https://api.github.com/actions/runner-registration' (DD82:0832:4005BF:3A6C4B:69331BF0)
[2025-12-05 17:52:48Z INFO ConfigurationManager] Using runner-admin flow: False
[2025-12-05 17:52:48Z INFO ConfigurationManager] cred retrieved via GitHub auth
[2025-12-05 17:52:48Z INFO RunnerServer] EstablishVssConnection
[2025-12-05 17:52:48Z INFO RunnerServer] Establish connection with 100 seconds timeout.
[2025-12-05 17:52:48Z INFO GitHubActionsService] Starting operation Location.GetConnectionData
[2025-12-05 17:52:48Z INFO RunnerServer] EstablishVssConnection
[2025-12-05 17:52:48Z INFO RunnerServer] Establish connection with 60 seconds timeout.
[2025-12-05 17:52:48Z INFO GitHubActionsService] Starting operation Location.GetConnectionData
[2025-12-05 17:52:48Z INFO RunnerServer] EstablishVssConnection
[2025-12-05 17:52:48Z INFO RunnerServer] Establish connection with 60 seconds timeout.
[2025-12-05 17:52:48Z INFO GitHubActionsService] Starting operation Location.GetConnectionData
[2025-12-05 17:52:49Z INFO GitHubActionsService] Finished operation Location.GetConnectionData
[2025-12-05 17:52:49Z INFO GitHubActionsService] Finished operation Location.GetConnectionData
[2025-12-05 17:52:49Z INFO GitHubActionsService] Finished operation Location.GetConnectionData
[2025-12-05 17:52:49Z INFO Terminal] WRITE LINE: 
[2025-12-05 17:52:49Z INFO ConfigurationManager] Test Connection complete.
[2025-12-05 17:52:49Z INFO HostContext] Well known directory 'Bin': '/home/alumno/Desktop/oauth2-springboot-angular-googlesignin-poc/actions-runner/bin'
[2025-12-05 17:52:49Z INFO HostContext] Well known directory 'Root': '/home/alumno/Desktop/oauth2-springboot-angular-googlesignin-poc/actions-runner'
[2025-12-05 17:52:49Z INFO HostContext] Well known config file 'RSACredentials': '/home/alumno/Desktop/oauth2-springboot-angular-googlesignin-poc/actions-runner/.credentials_rsaparams'
[2025-12-05 17:52:49Z INFO RSAFileKeyManager] Creating new RSA key using 2048-bit key length
[2025-12-05 17:52:50Z INFO RSAFileKeyManager] Successfully saved RSA key parameters to file /home/alumno/Desktop/oauth2-springboot-angular-googlesignin-poc/actions-runner/.credentials_rsaparams
[2025-12-05 17:52:50Z INFO RSAFileKeyManager] Which2: 'chmod'
[2025-12-05 17:52:50Z INFO RSAFileKeyManager] Location: '/usr/bin/chmod'
[2025-12-05 17:52:50Z INFO HostContext] Well known directory 'Bin': '/home/alumno/Desktop/oauth2-springboot-angular-googlesignin-poc/actions-runner/bin'
[2025-12-05 17:52:50Z INFO HostContext] Well known directory 'Root': '/home/alumno/Desktop/oauth2-springboot-angular-googlesignin-poc/actions-runner'
[2025-12-05 17:52:50Z INFO ProcessInvokerWrapper] Starting process:
[2025-12-05 17:52:50Z INFO ProcessInvokerWrapper]   File name: '/usr/bin/chmod'
[2025-12-05 17:52:50Z INFO ProcessInvokerWrapper]   Arguments: '600 /home/alumno/Desktop/oauth2-springboot-angular-googlesignin-poc/actions-runner/.credentials_rsaparams'
[2025-12-05 17:52:50Z INFO ProcessInvokerWrapper]   Working directory: '/home/alumno/Desktop/oauth2-springboot-angular-googlesignin-poc/actions-runner'
[2025-12-05 17:52:50Z INFO ProcessInvokerWrapper]   Require exit code zero: 'False'
[2025-12-05 17:52:50Z INFO ProcessInvokerWrapper]   Encoding web name:  ; code page: ''
[2025-12-05 17:52:50Z INFO ProcessInvokerWrapper]   Force kill process on cancellation: 'False'
[2025-12-05 17:52:50Z INFO ProcessInvokerWrapper]   Redirected STDIN: 'False'
[2025-12-05 17:52:50Z INFO ProcessInvokerWrapper]   Persist current code page: 'False'
[2025-12-05 17:52:50Z INFO ProcessInvokerWrapper]   Keep redirected STDIN open: 'False'
[2025-12-05 17:52:50Z INFO ProcessInvokerWrapper]   High priority process: 'False'
[2025-12-05 17:52:50Z INFO ProcessInvokerWrapper] Failed to update oom_score_adj for PID: 4049.
[2025-12-05 17:52:50Z INFO ProcessInvokerWrapper] System.IO.DirectoryNotFoundException: Could not find a part of the path '/proc/4049/oom_score_adj'.
   at Interop.ThrowExceptionForIoErrno(ErrorInfo errorInfo, String path, Boolean isDirError)
   at Microsoft.Win32.SafeHandles.SafeFileHandle.Open(String path, OpenFlags flags, Int32 mode, Boolean failForSymlink, Boolean& wasSymlink, Func`4 createOpenException)
   at Microsoft.Win32.SafeHandles.SafeFileHandle.Open(String fullPath, FileMode mode, FileAccess access, FileShare share, FileOptions options, Int64 preallocationSize, UnixFileMode openPermissions, Int64& fileLength, UnixFileMode& filePermissions, Boolean failForSymlink, Boolean& wasSymlink, Func`4 createOpenException)
   at System.IO.File.OpenHandle(String path, FileMode mode, FileAccess access, FileShare share, FileOptions options, Int64 preallocationSize)
   at System.IO.File.WriteToFile(String path, FileMode mode, String contents, Encoding encoding)
   at GitHub.Runner.Sdk.ProcessInvoker.WriteProcessOomScoreAdj(Int32 processId, Int32 oomScoreAdj)
[2025-12-05 17:52:50Z INFO ProcessInvokerWrapper] Process started with process id 4049, waiting for process exit.
[2025-12-05 17:52:50Z INFO ProcessInvokerWrapper] STDOUT/STDERR stream read finished.
[2025-12-05 17:52:50Z INFO ProcessInvokerWrapper] STDOUT/STDERR stream read finished.
[2025-12-05 17:52:50Z INFO ProcessInvokerWrapper] Finished process 4049 with exit code 0, and elapsed time 00:00:00.0159981.
[2025-12-05 17:52:50Z INFO RSAFileKeyManager] Successfully set permissions for RSA key parameters file /home/alumno/Desktop/oauth2-springboot-angular-googlesignin-poc/actions-runner/.credentials_rsaparams
[2025-12-05 17:52:50Z INFO CommandSettings] Arg 'runnergroup': ''
[2025-12-05 17:52:50Z INFO CommandSettings] Flag 'unattended': 'False'
[2025-12-05 17:52:50Z INFO PromptManager] ReadValue
[2025-12-05 17:52:50Z INFO Terminal] WRITE: Enter the name of the runner group to add this runner to: 
[2025-12-05 17:52:50Z INFO Terminal] WRITE: [press Enter for Default] 
[2025-12-05 17:52:50Z INFO Terminal] READ LINE
[2025-12-05 17:53:00Z INFO Terminal] Read value: ''
[2025-12-05 17:53:00Z INFO PromptManager] Falling back to the default: 'Default'
[2025-12-05 17:53:00Z INFO Terminal] WRITE LINE: 
[2025-12-05 17:53:00Z INFO ConfigurationManager] Found a self-hosted runner group with id 1 and name Default
[2025-12-05 17:53:00Z INFO CommandSettings] Flag 'disableupdate': 'False'
[2025-12-05 17:53:00Z INFO CommandSettings] Flag 'ephemeral': 'False'
[2025-12-05 17:53:00Z INFO CommandSettings] Arg 'name': ''
[2025-12-05 17:53:00Z INFO CommandSettings] Flag 'unattended': 'False'
[2025-12-05 17:53:00Z INFO PromptManager] ReadValue
[2025-12-05 17:53:00Z INFO Terminal] WRITE: Enter the name of runner: 
[2025-12-05 17:53:00Z INFO Terminal] WRITE: [press Enter for eim-alu-69147] 
[2025-12-05 17:53:00Z INFO Terminal] READ LINE
[2025-12-05 17:53:24Z INFO Terminal] Read value: 'CD'
[2025-12-05 17:53:24Z INFO Terminal] WRITE LINE: 
[2025-12-05 17:53:25Z INFO CommandSettings] Arg 'labels': ''
[2025-12-05 17:53:25Z INFO CommandSettings] Flag 'unattended': 'False'
[2025-12-05 17:53:25Z INFO PromptManager] ReadValue
[2025-12-05 17:53:25Z INFO Terminal] WRITE: This runner will have the following labels: 'self-hosted', 'Linux', 'X64' 
Enter any additional labels (ex. label-1,label-2): 
[2025-12-05 17:53:25Z INFO Terminal] WRITE: [press Enter to skip] 
[2025-12-05 17:53:25Z INFO Terminal] READ LINE
[2025-12-05 17:53:36Z INFO Terminal] Read value: 'CD'
[2025-12-05 17:53:36Z INFO Terminal] WRITE LINE: 
[2025-12-05 17:53:36Z INFO CommandSettings] Flag 'disableupdate': 'False'
[2025-12-05 17:53:36Z INFO CommandSettings] Flag 'no-default-labels': 'False'
[2025-12-05 17:53:36Z INFO CommandSettings] Flag 'disableupdate': 'False'
[2025-12-05 17:53:36Z INFO CommandSettings] Flag 'ephemeral': 'False'
[2025-12-05 17:53:36Z INFO ConfigurationStore] Saving OAuth credential @ /home/alumno/Desktop/oauth2-springboot-angular-googlesignin-poc/actions-runner/.credentials
[2025-12-05 17:53:36Z INFO ConfigurationStore] Credentials Saved.
[2025-12-05 17:53:36Z INFO ConfigurationManager] Service enforced serverUrlV2: https://broker.actions.githubusercontent.com/
[2025-12-05 17:53:36Z INFO ConfigurationManager] Service enforced useV2Flow: True
[2025-12-05 17:53:36Z INFO CommandSettings] Arg 'work': ''
[2025-12-05 17:53:36Z INFO CommandSettings] Flag 'unattended': 'False'
[2025-12-05 17:53:36Z INFO PromptManager] ReadValue
[2025-12-05 17:53:36Z INFO Terminal] WRITE: Enter name of work folder: 
[2025-12-05 17:53:36Z INFO Terminal] WRITE: [press Enter for _work] 
[2025-12-05 17:53:36Z INFO Terminal] READ LINE
[2025-12-05 17:55:05Z INFO Terminal] Read value: ''
[2025-12-05 17:55:05Z INFO PromptManager] Falling back to the default: '_work'
[2025-12-05 17:55:05Z INFO ConfigurationStore] Saving runner settings.
[2025-12-05 17:55:05Z INFO ConfigurationStore] Settings Saved.
[2025-12-05 17:55:05Z INFO Terminal] WRITE LINE: 
[2025-12-05 17:55:05Z INFO Terminal] WRITE LINE: 
[2025-12-05 17:55:06Z INFO SystemDControlManager] Service name 'actions.runner.DSE-8-oauth2-springboot-angular-googlesignin-poc.CD.service' display name 'GitHub Actions Runner (DSE-8-oauth2-springboot-angular-googlesignin-poc.CD)' will be used for service configuration.
[2025-12-05 17:55:06Z INFO HostContext] Well known directory 'Bin': '/home/alumno/Desktop/oauth2-springboot-angular-googlesignin-poc/actions-runner/bin'
[2025-12-05 17:55:06Z INFO HostContext] Well known directory 'Root': '/home/alumno/Desktop/oauth2-springboot-angular-googlesignin-poc/actions-runner'
[2025-12-05 17:55:06Z INFO HostContext] Well known directory 'Bin': '/home/alumno/Desktop/oauth2-springboot-angular-googlesignin-poc/actions-runner/bin'
[2025-12-05 17:55:06Z INFO HostContext] Well known directory 'Bin': '/home/alumno/Desktop/oauth2-springboot-angular-googlesignin-poc/actions-runner/bin'
[2025-12-05 17:55:06Z INFO HostContext] Well known directory 'Root': '/home/alumno/Desktop/oauth2-springboot-angular-googlesignin-poc/actions-runner'
[2025-12-05 17:55:06Z INFO UnixUtil] Which2: 'chmod'
[2025-12-05 17:55:06Z INFO UnixUtil] Location: '/usr/bin/chmod'
[2025-12-05 17:55:06Z INFO UnixUtil] Running /usr/bin/chmod 755 "/home/alumno/Desktop/oauth2-springboot-angular-googlesignin-poc/actions-runner/svc.sh"
[2025-12-05 17:55:06Z INFO ProcessInvokerWrapper] Starting process:
[2025-12-05 17:55:06Z INFO ProcessInvokerWrapper]   File name: '/usr/bin/chmod'
[2025-12-05 17:55:06Z INFO ProcessInvokerWrapper]   Arguments: '755 "/home/alumno/Desktop/oauth2-springboot-angular-googlesignin-poc/actions-runner/svc.sh"'
[2025-12-05 17:55:06Z INFO ProcessInvokerWrapper]   Working directory: '/home/alumno/Desktop/oauth2-springboot-angular-googlesignin-poc/actions-runner'
[2025-12-05 17:55:06Z INFO ProcessInvokerWrapper]   Require exit code zero: 'True'
[2025-12-05 17:55:06Z INFO ProcessInvokerWrapper]   Encoding web name:  ; code page: ''
[2025-12-05 17:55:06Z INFO ProcessInvokerWrapper]   Force kill process on cancellation: 'False'
[2025-12-05 17:55:06Z INFO ProcessInvokerWrapper]   Redirected STDIN: 'False'
[2025-12-05 17:55:06Z INFO ProcessInvokerWrapper]   Persist current code page: 'False'
[2025-12-05 17:55:06Z INFO ProcessInvokerWrapper]   Keep redirected STDIN open: 'False'
[2025-12-05 17:55:06Z INFO ProcessInvokerWrapper]   High priority process: 'False'
[2025-12-05 17:55:06Z INFO ProcessInvokerWrapper] Failed to update oom_score_adj for PID: 4078.
[2025-12-05 17:55:06Z INFO ProcessInvokerWrapper] System.UnauthorizedAccessException: Access to the path '/proc/4078/oom_score_adj' is denied.
 ---> System.IO.IOException: Permission denied
   --- End of inner exception stack trace ---
   at Interop.ThrowExceptionForIoErrno(ErrorInfo errorInfo, String path, Boolean isDirError)
   at Microsoft.Win32.SafeHandles.SafeFileHandle.Open(String path, OpenFlags flags, Int32 mode, Boolean failForSymlink, Boolean& wasSymlink, Func`4 createOpenException)
   at Microsoft.Win32.SafeHandles.SafeFileHandle.Open(String fullPath, FileMode mode, FileAccess access, FileShare share, FileOptions options, Int64 preallocationSize, UnixFileMode openPermissions, Int64& fileLength, UnixFileMode& filePermissions, Boolean failForSymlink, Boolean& wasSymlink, Func`4 createOpenException)
   at System.IO.File.OpenHandle(String path, FileMode mode, FileAccess access, FileShare share, FileOptions options, Int64 preallocationSize)
   at System.IO.File.WriteToFile(String path, FileMode mode, String contents, Encoding encoding)
   at GitHub.Runner.Sdk.ProcessInvoker.WriteProcessOomScoreAdj(Int32 processId, Int32 oomScoreAdj)
[2025-12-05 17:55:06Z INFO ProcessInvokerWrapper] Process started with process id 4078, waiting for process exit.
[2025-12-05 17:55:06Z INFO ProcessInvokerWrapper] STDOUT/STDERR stream read finished.
[2025-12-05 17:55:06Z INFO ProcessInvokerWrapper] STDOUT/STDERR stream read finished.
[2025-12-05 17:55:06Z INFO ProcessInvokerWrapper] Finished process 4078 with exit code 0, and elapsed time 00:00:00.0042589.
[2025-12-05 17:55:06Z INFO Listener] Runner execution has finished with return code 0
