[2025-12-05 18:20:44Z INFO HostContext] No proxy settings were found based on environmental variables (http_proxy/https_proxy/HTTP_PROXY/HTTPS_PROXY)
[2025-12-05 18:20:44Z INFO HostContext] Well known directory 'Bin': '/home/alumno/Desktop/oauth2-springboot-angular-googlesignin-poc/actions-runner/bin'
[2025-12-05 18:20:44Z INFO HostContext] Well known directory 'Root': '/home/alumno/Desktop/oauth2-springboot-angular-googlesignin-poc/actions-runner'
[2025-12-05 18:20:44Z INFO HostContext] Well known config file 'Credentials': '/home/alumno/Desktop/oauth2-springboot-angular-googlesignin-poc/actions-runner/.credentials'
[2025-12-05 18:20:45Z INFO HostContext] Well known directory 'Bin': '/home/alumno/Desktop/oauth2-springboot-angular-googlesignin-poc/actions-runner/bin'
[2025-12-05 18:20:45Z INFO HostContext] Well known directory 'Root': '/home/alumno/Desktop/oauth2-springboot-angular-googlesignin-poc/actions-runner'
[2025-12-05 18:20:45Z INFO HostContext] Well known config file 'Runner': '/home/alumno/Desktop/oauth2-springboot-angular-googlesignin-poc/actions-runner/.runner'
[2025-12-05 18:20:45Z INFO Listener] Runner is built for Linux (X64) - linux-x64.
[2025-12-05 18:20:45Z INFO Listener] RuntimeInformation: Ubuntu 24.04.3 LTS.
[2025-12-05 18:20:45Z INFO Listener] Version: 2.329.0
[2025-12-05 18:20:45Z INFO Listener] Commit: c76c59996c8fa32e989164a5a695efb12608ae5a
[2025-12-05 18:20:45Z INFO Listener] Culture: es-ES
[2025-12-05 18:20:45Z INFO Listener] UI Culture: es-ES
[2025-12-05 18:20:45Z INFO HostContext] Well known directory 'Bin': '/home/alumno/Desktop/oauth2-springboot-angular-googlesignin-poc/actions-runner/bin'
[2025-12-05 18:20:45Z INFO HostContext] Well known directory 'Root': '/home/alumno/Desktop/oauth2-springboot-angular-googlesignin-poc/actions-runner'
[2025-12-05 18:20:45Z INFO Listener] Validating directory permissions for: '/home/alumno/Desktop/oauth2-springboot-angular-googlesignin-poc/actions-runner'
[2025-12-05 18:20:45Z INFO CommandLineParser] Parse
[2025-12-05 18:20:45Z INFO CommandLineParser] Parsing 1 args
[2025-12-05 18:20:45Z INFO CommandLineParser] parsing argument
[2025-12-05 18:20:45Z INFO CommandLineParser] HasArgs: False
[2025-12-05 18:20:45Z INFO CommandLineParser] Adding Command: run
[2025-12-05 18:20:45Z INFO Listener] Arguments parsed
[2025-12-05 18:20:45Z INFO Runner] ExecuteCommand
[2025-12-05 18:20:45Z INFO ConfigurationStore] currentAssemblyLocation: /home/alumno/Desktop/oauth2-springboot-angular-googlesignin-poc/actions-runner/bin/Runner.Listener.dll
[2025-12-05 18:20:45Z INFO HostContext] Well known directory 'Bin': '/home/alumno/Desktop/oauth2-springboot-angular-googlesignin-poc/actions-runner/bin'
[2025-12-05 18:20:45Z INFO ConfigurationStore] binPath: /home/alumno/Desktop/oauth2-springboot-angular-googlesignin-poc/actions-runner/bin
[2025-12-05 18:20:45Z INFO HostContext] Well known directory 'Bin': '/home/alumno/Desktop/oauth2-springboot-angular-googlesignin-poc/actions-runner/bin'
[2025-12-05 18:20:45Z INFO HostContext] Well known directory 'Root': '/home/alumno/Desktop/oauth2-springboot-angular-googlesignin-poc/actions-runner'
[2025-12-05 18:20:45Z INFO ConfigurationStore] RootFolder: /home/alumno/Desktop/oauth2-springboot-angular-googlesignin-poc/actions-runner
[2025-12-05 18:20:45Z INFO HostContext] Well known directory 'Bin': '/home/alumno/Desktop/oauth2-springboot-angular-googlesignin-poc/actions-runner/bin'
[2025-12-05 18:20:45Z INFO HostContext] Well known directory 'Root': '/home/alumno/Desktop/oauth2-springboot-angular-googlesignin-poc/actions-runner'
[2025-12-05 18:20:45Z INFO HostContext] Well known config file 'Runner': '/home/alumno/Desktop/oauth2-springboot-angular-googlesignin-poc/actions-runner/.runner'
[2025-12-05 18:20:45Z INFO ConfigurationStore] ConfigFilePath: /home/alumno/Desktop/oauth2-springboot-angular-googlesignin-poc/actions-runner/.runner
[2025-12-05 18:20:45Z INFO HostContext] Well known directory 'Bin': '/home/alumno/Desktop/oauth2-springboot-angular-googlesignin-poc/actions-runner/bin'
[2025-12-05 18:20:45Z INFO HostContext] Well known directory 'Root': '/home/alumno/Desktop/oauth2-springboot-angular-googlesignin-poc/actions-runner'
[2025-12-05 18:20:45Z INFO HostContext] Well known config file 'MigratedRunner': '/home/alumno/Desktop/oauth2-springboot-angular-googlesignin-poc/actions-runner/.runner_migrated'
[2025-12-05 18:20:45Z INFO ConfigurationStore] MigratedConfigFilePath: /home/alumno/Desktop/oauth2-springboot-angular-googlesignin-poc/actions-runner/.runner_migrated
[2025-12-05 18:20:45Z INFO HostContext] Well known directory 'Bin': '/home/alumno/Desktop/oauth2-springboot-angular-googlesignin-poc/actions-runner/bin'
[2025-12-05 18:20:45Z INFO HostContext] Well known directory 'Root': '/home/alumno/Desktop/oauth2-springboot-angular-googlesignin-poc/actions-runner'
[2025-12-05 18:20:45Z INFO HostContext] Well known config file 'Credentials': '/home/alumno/Desktop/oauth2-springboot-angular-googlesignin-poc/actions-runner/.credentials'
[2025-12-05 18:20:45Z INFO ConfigurationStore] CredFilePath: /home/alumno/Desktop/oauth2-springboot-angular-googlesignin-poc/actions-runner/.credentials
[2025-12-05 18:20:45Z INFO HostContext] Well known directory 'Bin': '/home/alumno/Desktop/oauth2-springboot-angular-googlesignin-poc/actions-runner/bin'
[2025-12-05 18:20:45Z INFO HostContext] Well known directory 'Root': '/home/alumno/Desktop/oauth2-springboot-angular-googlesignin-poc/actions-runner'
[2025-12-05 18:20:45Z INFO HostContext] Well known config file 'MigratedCredentials': '/home/alumno/Desktop/oauth2-springboot-angular-googlesignin-poc/actions-runner/.credentials_migrated'
[2025-12-05 18:20:45Z INFO ConfigurationStore] MigratedCredFilePath: /home/alumno/Desktop/oauth2-springboot-angular-googlesignin-poc/actions-runner/.credentials_migrated
[2025-12-05 18:20:45Z INFO HostContext] Well known directory 'Bin': '/home/alumno/Desktop/oauth2-springboot-angular-googlesignin-poc/actions-runner/bin'
[2025-12-05 18:20:45Z INFO HostContext] Well known directory 'Root': '/home/alumno/Desktop/oauth2-springboot-angular-googlesignin-poc/actions-runner'
[2025-12-05 18:20:45Z INFO HostContext] Well known config file 'Service': '/home/alumno/Desktop/oauth2-springboot-angular-googlesignin-poc/actions-runner/.service'
[2025-12-05 18:20:45Z INFO ConfigurationStore] ServiceConfigFilePath: /home/alumno/Desktop/oauth2-springboot-angular-googlesignin-poc/actions-runner/.service
[2025-12-05 18:20:45Z INFO CommandSettings] Flag 'help': 'False'
[2025-12-05 18:20:45Z INFO CommandSettings] Flag 'version': 'False'
[2025-12-05 18:20:45Z INFO CommandSettings] Flag 'commit': 'False'
[2025-12-05 18:20:45Z INFO CommandSettings] Flag 'check': 'False'
[2025-12-05 18:20:45Z INFO CommandSettings] Command 'configure': 'False'
[2025-12-05 18:20:45Z INFO CommandSettings] Command 'remove': 'False'
[2025-12-05 18:20:45Z INFO CommandSettings] Command 'warmup': 'False'
[2025-12-05 18:20:45Z INFO ConfigurationManager] LoadSettings
[2025-12-05 18:20:45Z INFO ConfigurationStore] IsConfigured()
[2025-12-05 18:20:45Z INFO ConfigurationStore] IsConfigured: True
[2025-12-05 18:20:45Z INFO ConfigurationManager] Is configured: True
[2025-12-05 18:20:45Z INFO ConfigurationStore] Read setting file: 405 chars
[2025-12-05 18:20:45Z INFO ConfigurationManager] Settings Loaded
[2025-12-05 18:20:45Z INFO ConfigurationStore] IsServiceConfigured()
[2025-12-05 18:20:45Z INFO ConfigurationStore] IsServiceConfigured: False
[2025-12-05 18:20:45Z INFO CommandSettings] Command 'run': 'True'
[2025-12-05 18:20:45Z INFO ConfigurationStore] IsConfigured()
[2025-12-05 18:20:45Z INFO ConfigurationStore] IsConfigured: True
[2025-12-05 18:20:45Z INFO ConfigurationManager] Is configured: True
[2025-12-05 18:20:45Z INFO Runner] Could not parse the argument value '' for StartupType. Defaulting to Manual
[2025-12-05 18:20:45Z INFO Runner] Set runner startup type - Manual
[2025-12-05 18:20:45Z INFO CommandSettings] Flag 'once': 'False'
[2025-12-05 18:20:45Z INFO CommandSettings] Flag 'once': 'False'
[2025-12-05 18:20:45Z INFO Runner] RunAsync
[2025-12-05 18:20:45Z INFO ConfigurationManager] LoadMigratedSettings
[2025-12-05 18:20:45Z INFO ConfigurationStore] IsMigratedConfigured()
[2025-12-05 18:20:45Z INFO ConfigurationStore] IsMigratedConfigured: False
[2025-12-05 18:20:45Z INFO Runner] Failed to load migrated settings: No migrated configuration found.
[2025-12-05 18:20:45Z INFO Runner] Falling back to original .runner settings
[2025-12-05 18:20:45Z INFO Runner] Using BrokerMessageListener
[2025-12-05 18:20:45Z INFO BrokerMessageListener] Using provided settings
[2025-12-05 18:20:45Z INFO BrokerMessageListener] {
  "AgentId": 21,
  "AgentName": "CD",
  "PoolId": 1,
  "PoolName": "Default",
  "ServerUrl": "https://pipelinesghubeus22.actions.githubusercontent.com/EaBZ28z8aVJVj5V1PIA8NvxZzj3L8RF85ZIJoDM8iVlKZZKyMz/",
  "GitHubUrl": "https://github.com/DSE-8/oauth2-springboot-angular-googlesignin-poc",
  "WorkFolder": "_work",
  "UseV2Flow": true,
  "ServerUrlV2": "https://broker.actions.githubusercontent.com/"
}
[2025-12-05 18:20:45Z INFO BrokerMessageListener] Loading Credentials
[2025-12-05 18:20:45Z INFO ConfigurationStore] HasCredentials()
[2025-12-05 18:20:45Z INFO ConfigurationStore] stored True
[2025-12-05 18:20:45Z INFO CredentialManager] GetCredentialProvider
[2025-12-05 18:20:45Z INFO CredentialManager] Creating type OAuth
[2025-12-05 18:20:45Z INFO CredentialManager] Creating credential type: OAuth
[2025-12-05 18:20:45Z INFO HostContext] Well known directory 'Bin': '/home/alumno/Desktop/oauth2-springboot-angular-googlesignin-poc/actions-runner/bin'
[2025-12-05 18:20:45Z INFO HostContext] Well known directory 'Root': '/home/alumno/Desktop/oauth2-springboot-angular-googlesignin-poc/actions-runner'
[2025-12-05 18:20:45Z INFO HostContext] Well known config file 'RSACredentials': '/home/alumno/Desktop/oauth2-springboot-angular-googlesignin-poc/actions-runner/.credentials_rsaparams'
[2025-12-05 18:20:45Z INFO RSAFileKeyManager] Loading RSA key parameters from file /home/alumno/Desktop/oauth2-springboot-angular-googlesignin-poc/actions-runner/.credentials_rsaparams
[2025-12-05 18:20:45Z INFO BrokerMessageListener] Attempt to create session.
[2025-12-05 18:20:45Z INFO BrokerMessageListener] Connecting to the Broker Server...
[2025-12-05 18:20:45Z INFO ConfigurationStore] HasCredentials()
[2025-12-05 18:20:45Z INFO ConfigurationStore] stored True
[2025-12-05 18:20:45Z INFO CredentialManager] GetCredentialProvider
[2025-12-05 18:20:45Z INFO CredentialManager] Creating type OAuth
[2025-12-05 18:20:45Z INFO CredentialManager] Creating credential type: OAuth
[2025-12-05 18:20:45Z INFO RSAFileKeyManager] Loading RSA key parameters from file /home/alumno/Desktop/oauth2-springboot-angular-googlesignin-poc/actions-runner/.credentials_rsaparams
[2025-12-05 18:20:45Z INFO BrokerMessageListener] VssConnection created
[2025-12-05 18:20:45Z INFO BrokerMessageListener] Connecting to the Runner server...
[2025-12-05 18:20:45Z INFO RunnerServer] EstablishVssConnection
[2025-12-05 18:20:45Z INFO RunnerServer] Establish connection with 100 seconds timeout.
[2025-12-05 18:20:45Z INFO GitHubActionsService] Starting operation Location.GetConnectionData
[2025-12-05 18:20:45Z INFO RunnerServer] EstablishVssConnection
[2025-12-05 18:20:45Z INFO RunnerServer] Establish connection with 60 seconds timeout.
[2025-12-05 18:20:45Z INFO GitHubActionsService] Starting operation Location.GetConnectionData
[2025-12-05 18:20:45Z INFO RunnerServer] EstablishVssConnection
[2025-12-05 18:20:45Z INFO RunnerServer] Establish connection with 60 seconds timeout.
[2025-12-05 18:20:45Z INFO GitHubActionsService] Starting operation Location.GetConnectionData
[2025-12-05 18:20:46Z INFO GitHubActionsService] Finished operation Location.GetConnectionData
[2025-12-05 18:20:46Z INFO GitHubActionsService] Finished operation Location.GetConnectionData
[2025-12-05 18:20:46Z INFO GitHubActionsService] Finished operation Location.GetConnectionData
[2025-12-05 18:20:46Z INFO BrokerMessageListener] VssConnection created
[2025-12-05 18:20:46Z INFO Terminal] WRITE LINE: 
[2025-12-05 18:20:46Z INFO Terminal] WRITE LINE: 
[2025-12-05 18:20:46Z INFO RSAFileKeyManager] Loading RSA key parameters from file /home/alumno/Desktop/oauth2-springboot-angular-googlesignin-poc/actions-runner/.credentials_rsaparams
[2025-12-05 18:20:46Z INFO RSAFileKeyManager] Loading RSA key parameters from file /home/alumno/Desktop/oauth2-springboot-angular-googlesignin-poc/actions-runner/.credentials_rsaparams
[2025-12-05 18:20:46Z INFO GitHubActionsService] AAD Correlation ID for this token request: Unknown
[2025-12-05 18:20:47Z INFO BrokerMessageListener] Session created.
[2025-12-05 18:20:47Z INFO Terminal] WRITE LINE: Current runner version: '2.329.0'
[2025-12-05 18:20:47Z INFO Terminal] WRITE LINE: 2025-12-05 18:20:47Z: Listening for Jobs
[2025-12-05 18:20:47Z INFO JobDispatcher] Set runner/worker IPC timeout to 30 seconds.
